
> app@0.1.0 build
> next build

▲ Next.js 16.1.4 (Turbopack)
- Environments: .env.local

  Creating an optimized production build ...
✓ Compiled successfully in 1971.1ms
  Running TypeScript ...
  Collecting page data using 15 workers ...
  Generating static pages using 15 workers (0/5) ...
  Generating static pages using 15 workers (1/5)
  Generating static pages using 15 workers (2/5)
  Generating static pages using 15 workers (3/5)
✓ Generating static pages using 15 workers (5/5) in 786.0ms
  Finalizing page optimization ...

Route (app)
┌ ○ /
├ ○ /_not-found
└ ƒ /api/bitcoin


○  (Static)   prerendered as static content
ƒ  (Dynamic)  server-rendered on demand
